// Jest Snapshot v1, https://goo.gl/fbAQLP

exports[`Renders without crashing Should pass snapshot test 1`] = `
"<button onClick={[Function: handleSubmit]} data-test=\\"SharedBtn\\">
  Example Button Text
</button>"
`;
