// Jest Snapshot v1, https://goo.gl/fbAQLP

exports[`Headline Component Should pass snapshot test 1`] = `null`;
